e0-keyledger-contract	Set up job	﻿2026-10-09T07:25:27.3041050Z Current runner version: '2.337.0'
e0-keyledger-contract	Set up job	2026-10-09T07:25:27.3076865Z ##[group]Runner Image Provisioner
e0-keyledger-contract	Set up job	2026-10-09T07:25:27.3078141Z Hosted Compute Agent
e0-keyledger-contract	Set up job	2026-10-09T07:25:27.3079080Z Version: 20261002.596
e0-keyledger-contract	Set up job	2026-10-09T07:25:27.3080041Z Commit: c3d12f3313a95f25162a1503be624f3b0617f8c0
e0-keyledger-contract	Set up job	2026-10-09T07:25:27.3081116Z Build Date: 2026-10-02T22:28:27Z
e0-keyledger-contract	Set up job	2026-10-09T07:25:27.3082239Z Worker ID: {cfae4124-1a28-44ca-b52a-74c50ce42b3a}
e0-keyledger-contract	Set up job	2026-10-09T07:25:27.3083249Z Region: westus3
e0-keyledger-contract	Set up job	2026-10-09T07:25:27.3083996Z Cloud: Azure
e0-keyledger-contract	Set up job	2026-10-09T07:25:27.3084908Z ##[endgroup]
e0-keyledger-contract	Set up job	2026-10-09T07:25:27.3087587Z ##[group]Operating System
e0-keyledger-contract	Set up job	2026-10-09T07:25:27.3088703Z Ubuntu
e0-keyledger-contract	Set up job	2026-10-09T07:25:27.3089431Z 24.04.5
e0-keyledger-contract	Set up job	2026-10-09T07:25:27.3090128Z LTS
e0-keyledger-contract	Set up job	2026-10-09T07:25:27.3090938Z ##[endgroup]
e0-keyledger-contract	Set up job	2026-10-09T07:25:27.3091770Z ##[group]Runner Image
e0-keyledger-contract	Set up job	2026-10-09T07:25:27.3092858Z Image: ubuntu-24.04
e0-keyledger-contract	Set up job	2026-10-09T07:25:27.3093758Z Version: 20261004.327.1
e0-keyledger-contract	Set up job	2026-10-09T07:25:27.3095692Z Included Software: https://github.com/actions/runner-images/blob/ubuntu24/20261004.327/images/ubuntu/Ubuntu2404-Readme.md
e0-keyledger-contract	Set up job	2026-10-09T07:25:27.3099167Z Image Release: https://github.com/actions/runner-images/releases/tag/ubuntu24%2F20261004.327
e0-keyledger-contract	Set up job	2026-10-09T07:25:27.3100754Z ##[endgroup]
e0-keyledger-contract	Set up job	2026-10-09T07:25:27.3102358Z ##[group]GITHUB_TOKEN Permissions
e0-keyledger-contract	Set up job	2026-10-09T07:25:27.3105443Z Contents: read
e0-keyledger-contract	Set up job	2026-10-09T07:25:27.3106391Z Metadata: read
e0-keyledger-contract	Set up job	2026-10-09T07:25:27.3107333Z ##[endgroup]
e0-keyledger-contract	Set up job	2026-10-09T07:25:27.3110121Z Secret source: Actions
e0-keyledger-contract	Set up job	2026-10-09T07:25:27.3111587Z Cache mode: write
e0-keyledger-contract	Set up job	2026-10-09T07:25:27.3112880Z Prepare workflow directory
e0-keyledger-contract	Set up job	2026-10-09T07:25:27.3590340Z Prepare all required actions
e0-keyledger-contract	Set up job	2026-10-09T07:25:27.3661791Z Getting action download info
e0-keyledger-contract	Set up job	2026-10-09T07:25:27.7726409Z Download action repository 'actions/checkout@v4' (SHA:11d5960a326750d5838078e36cf38b85af677262)
e0-keyledger-contract	Set up job	2026-10-09T07:25:27.8476302Z Download action repository 'actions/setup-python@v5' (SHA:a26af69be951a213d495a4c3e4e4022e16d87065)
e0-keyledger-contract	Set up job	2026-10-09T07:25:27.9149841Z Download action repository 'actions/upload-artifact@v4' (SHA:ea165f8d65b6e75b540449e92b4886f43607fa02)
e0-keyledger-contract	Set up job	2026-10-09T07:25:28.1414288Z Complete job name: e0-keyledger-contract
e0-keyledger-contract	Run actions/checkout@v4	﻿2026-10-09T07:25:28.2230705Z ##[group]Run actions/checkout@v4
e0-keyledger-contract	Run actions/checkout@v4	2026-10-09T07:25:28.2231502Z with:
e0-keyledger-contract	Run actions/checkout@v4	2026-10-09T07:25:28.2231884Z   fetch-depth: 0
e0-keyledger-contract	Run actions/checkout@v4	2026-10-09T07:25:28.2232336Z   repository: 2003SINGER/character-dynamics-lab
e0-keyledger-contract	Run actions/checkout@v4	2026-10-09T07:25:28.2236338Z   token: ***
e0-keyledger-contract	Run actions/checkout@v4	2026-10-09T07:25:28.2236726Z   ssh-strict: true
e0-keyledger-contract	Run actions/checkout@v4	2026-10-09T07:25:28.2237115Z   ssh-user: git
e0-keyledger-contract	Run actions/checkout@v4	2026-10-09T07:25:28.2237506Z   persist-credentials: true
e0-keyledger-contract	Run actions/checkout@v4	2026-10-09T07:25:28.2237942Z   clean: true
e0-keyledger-contract	Run actions/checkout@v4	2026-10-09T07:25:28.2238337Z   sparse-checkout-cone-mode: true
e0-keyledger-contract	Run actions/checkout@v4	2026-10-09T07:25:28.2238798Z   fetch-tags: false
e0-keyledger-contract	Run actions/checkout@v4	2026-10-09T07:25:28.2239190Z   show-progress: true
e0-keyledger-contract	Run actions/checkout@v4	2026-10-09T07:25:28.2239582Z   lfs: false
e0-keyledger-contract	Run actions/checkout@v4	2026-10-09T07:25:28.2239949Z   submodules: false
e0-keyledger-contract	Run actions/checkout@v4	2026-10-09T07:25:28.2240346Z   set-safe-directory: true
e0-keyledger-contract	Run actions/checkout@v4	2026-10-09T07:25:28.2240795Z   allow-unsafe-pr-checkout: false
e0-keyledger-contract	Run actions/checkout@v4	2026-10-09T07:25:28.2241526Z ##[endgroup]
e0-keyledger-contract	Run actions/checkout@v4	2026-10-09T07:25:28.3585235Z Syncing repository: 2003SINGER/character-dynamics-lab
e0-keyledger-contract	Run actions/checkout@v4	2026-10-09T07:25:28.3591775Z ##[group]Getting Git version info
e0-keyledger-contract	Run actions/checkout@v4	2026-10-09T07:25:28.3593800Z Working directory is '/home/runner/work/character-dynamics-lab/character-dynamics-lab'
e0-keyledger-contract	Run actions/checkout@v4	2026-10-09T07:25:28.3596586Z [command]/usr/bin/git version
e0-keyledger-contract	Run actions/checkout@v4	2026-10-09T07:25:28.3597552Z git version 2.55.0
e0-keyledger-contract	Run actions/checkout@v4	2026-10-09T07:25:28.3623569Z ##[endgroup]
e0-keyledger-contract	Run actions/checkout@v4	2026-10-09T07:25:28.3637964Z Temporarily overriding HOME='/home/runner/work/_temp/60be8d7d-0f43-4d30-83aa-9af881184053' before making global git config changes
e0-keyledger-contract	Run actions/checkout@v4	2026-10-09T07:25:28.3664236Z Adding repository directory to the temporary git global config as a safe directory
e0-keyledger-contract	Run actions/checkout@v4	2026-10-09T07:25:28.3666627Z [command]/usr/bin/git config --global --add safe.directory /home/runner/work/character-dynamics-lab/character-dynamics-lab
e0-keyledger-contract	Run actions/checkout@v4	2026-10-09T07:25:28.3751199Z Deleting the contents of '/home/runner/work/character-dynamics-lab/character-dynamics-lab'
e0-keyledger-contract	Run actions/checkout@v4	2026-10-09T07:25:28.3753610Z ##[group]Initializing the repository
e0-keyledger-contract	Run actions/checkout@v4	2026-10-09T07:25:28.3755532Z [command]/usr/bin/git init /home/runner/work/character-dynamics-lab/character-dynamics-lab
e0-keyledger-contract	Run actions/checkout@v4	2026-10-09T07:25:28.3876763Z hint: Using 'master' as the name for the initial branch. This default branch name
e0-keyledger-contract	Run actions/checkout@v4	2026-10-09T07:25:28.3884604Z hint: will change to "main" in Git 3.0. To configure the initial branch name
e0-keyledger-contract	Run actions/checkout@v4	2026-10-09T07:25:28.3886799Z hint: to use in all of your new repositories, which will suppress this warning,
e0-keyledger-contract	Run actions/checkout@v4	2026-10-09T07:25:28.3888303Z hint: call:
e0-keyledger-contract	Run actions/checkout@v4	2026-10-09T07:25:28.3889528Z hint:
e0-keyledger-contract	Run actions/checkout@v4	2026-10-09T07:25:28.3890923Z hint: 	git config --global init.defaultBranch <name>
e0-keyledger-contract	Run actions/checkout@v4	2026-10-09T07:25:28.3892123Z hint:
e0-keyledger-contract	Run actions/checkout@v4	2026-10-09T07:25:28.3893211Z hint: Names commonly chosen instead of 'master' are 'main', 'trunk' and
e0-keyledger-contract	Run actions/checkout@v4	2026-10-09T07:25:28.3894657Z hint: 'development'. The just-created branch can be renamed via this command:
e0-keyledger-contract	Run actions/checkout@v4	2026-10-09T07:25:28.3896234Z hint:
e0-keyledger-contract	Run actions/checkout@v4	2026-10-09T07:25:28.3897004Z hint: 	git branch -m <name>
e0-keyledger-contract	Run actions/checkout@v4	2026-10-09T07:25:28.3897841Z hint:
e0-keyledger-contract	Run actions/checkout@v4	2026-10-09T07:25:28.3899173Z hint: Disable this message with "git config set advice.defaultBranchName false"
e0-keyledger-contract	Run actions/checkout@v4	2026-10-09T07:25:28.3901594Z Initialized empty Git repository in /home/runner/work/character-dynamics-lab/character-dynamics-lab/.git/
e0-keyledger-contract	Run actions/checkout@v4	2026-10-09T07:25:28.3905393Z [command]/usr/bin/git remote add origin https://github.com/2003SINGER/character-dynamics-lab
e0-keyledger-contract	Run actions/checkout@v4	2026-10-09T07:25:28.4015157Z ##[endgroup]
e0-keyledger-contract	Run actions/checkout@v4	2026-10-09T07:25:28.4036646Z ##[group]Disabling automatic garbage collection
e0-keyledger-contract	Run actions/checkout@v4	2026-10-09T07:25:28.4066294Z [command]/usr/bin/git config --local gc.auto 0
e0-keyledger-contract	Run actions/checkout@v4	2026-10-09T07:25:28.4077245Z ##[endgroup]
e0-keyledger-contract	Run actions/checkout@v4	2026-10-09T07:25:28.4078702Z ##[group]Setting up auth
e0-keyledger-contract	Run actions/checkout@v4	2026-10-09T07:25:28.4080130Z [command]/usr/bin/git config --local --name-only --get-regexp core\.sshCommand
e0-keyledger-contract	Run actions/checkout@v4	2026-10-09T07:25:28.4084294Z [command]/usr/bin/git submodule foreach --recursive sh -c "git config --local --name-only --get-regexp 'core\.sshCommand' && git config --local --unset-all 'core.sshCommand' || :"
e0-keyledger-contract	Run actions/checkout@v4	2026-10-09T07:25:28.5199929Z [command]/usr/bin/git config --local --name-only --get-regexp http\.https\:\/\/github\.com\/\.extraheader
e0-keyledger-contract	Run actions/checkout@v4	2026-10-09T07:25:28.5204512Z [command]/usr/bin/git submodule foreach --recursive sh -c "git config --local --name-only --get-regexp 'http\.https\:\/\/github\.com\/\.extraheader' && git config --local --unset-all 'http.https://github.com/.extraheader' || :"
e0-keyledger-contract	Run actions/checkout@v4	2026-10-09T07:25:28.5329085Z [command]/usr/bin/git config --local --name-only --get-regexp ^includeIf\.gitdir:
e0-keyledger-contract	Run actions/checkout@v4	2026-10-09T07:25:28.5373956Z [command]/usr/bin/git submodule foreach --recursive git config --local --show-origin --name-only --get-regexp remote.origin.url
e0-keyledger-contract	Run actions/checkout@v4	2026-10-09T07:25:28.5562469Z [command]/usr/bin/git config --local http.https://github.com/.extraheader AUTHORIZATION: basic ***
e0-keyledger-contract	Run actions/checkout@v4	2026-10-09T07:25:28.5603318Z ##[endgroup]
e0-keyledger-contract	Run actions/checkout@v4	2026-10-09T07:25:28.5604794Z ##[group]Fetching the repository
e0-keyledger-contract	Run actions/checkout@v4	2026-10-09T07:25:28.5614984Z [command]/usr/bin/git -c protocol.version=2 fetch --prune --no-recurse-submodules origin +refs/heads/*:refs/remotes/origin/* +refs/tags/*:refs/tags/*
e0-keyledger-contract	Run actions/checkout@v4	2026-10-09T07:25:40.2061354Z From https://github.com/2003SINGER/character-dynamics-lab
e0-keyledger-contract	Run actions/checkout@v4	2026-10-09T07:25:40.2067018Z  * [new branch]      data-ownership-cleanup -> origin/data-ownership-cleanup
e0-keyledger-contract	Run actions/checkout@v4	2026-10-09T07:25:40.2068439Z  * [new branch]      main                   -> origin/main
e0-keyledger-contract	Run actions/checkout@v4	2026-10-09T07:25:40.2069608Z  * [new branch]      webgpt-sync            -> origin/webgpt-sync
e0-keyledger-contract	Run actions/checkout@v4	2026-10-09T07:25:40.2077139Z [command]/usr/bin/git branch --list --remote origin/webgpt-sync
e0-keyledger-contract	Run actions/checkout@v4	2026-10-09T07:25:40.2102736Z   origin/webgpt-sync
e0-keyledger-contract	Run actions/checkout@v4	2026-10-09T07:25:40.2120283Z [command]/usr/bin/git rev-parse refs/remotes/origin/webgpt-sync
e0-keyledger-contract	Run actions/checkout@v4	2026-10-09T07:25:40.2146507Z f637743a8af9faacbb908e8b4bae4b8f4661b193
e0-keyledger-contract	Run actions/checkout@v4	2026-10-09T07:25:40.2148766Z ##[endgroup]
e0-keyledger-contract	Run actions/checkout@v4	2026-10-09T07:25:40.2149512Z ##[group]Determining the checkout info
e0-keyledger-contract	Run actions/checkout@v4	2026-10-09T07:25:40.2150283Z ##[endgroup]
e0-keyledger-contract	Run actions/checkout@v4	2026-10-09T07:25:40.2153160Z [command]/usr/bin/git sparse-checkout disable
e0-keyledger-contract	Run actions/checkout@v4	2026-10-09T07:25:40.2204574Z [command]/usr/bin/git config --local --unset-all extensions.worktreeConfig
e0-keyledger-contract	Run actions/checkout@v4	2026-10-09T07:25:40.2234469Z ##[group]Checking out the ref
e0-keyledger-contract	Run actions/checkout@v4	2026-10-09T07:25:40.2239278Z [command]/usr/bin/git checkout --progress --force -B webgpt-sync refs/remotes/origin/webgpt-sync
e0-keyledger-contract	Run actions/checkout@v4	2026-10-09T07:25:41.2417218Z Updating files:  23% (948/3989)
e0-keyledger-contract	Run actions/checkout@v4	2026-10-09T07:25:41.2553137Z Updating files:  24% (958/3989)
e0-keyledger-contract	Run actions/checkout@v4	2026-10-09T07:25:41.2610584Z Updating files:  25% (998/3989)
e0-keyledger-contract	Run actions/checkout@v4	2026-10-09T07:25:41.2631870Z Updating files:  26% (1038/3989)
e0-keyledger-contract	Run actions/checkout@v4	2026-10-09T07:25:41.2656485Z Updating files:  27% (1078/3989)
e0-keyledger-contract	Run actions/checkout@v4	2026-10-09T07:25:41.2675660Z Updating files:  28% (1117/3989)
e0-keyledger-contract	Run actions/checkout@v4	2026-10-09T07:25:41.2696963Z Updating files:  29% (1157/3989)
e0-keyledger-contract	Run actions/checkout@v4	2026-10-09T07:25:41.2805430Z Updating files:  30% (1197/3989)
e0-keyledger-contract	Run actions/checkout@v4	2026-10-09T07:25:41.2826309Z Updating files:  31% (1237/3989)
e0-keyledger-contract	Run actions/checkout@v4	2026-10-09T07:25:41.2839964Z Updating files:  32% (1277/3989)
e0-keyledger-contract	Run actions/checkout@v4	2026-10-09T07:25:41.2860039Z Updating files:  33% (1317/3989)
e0-keyledger-contract	Run actions/checkout@v4	2026-10-09T07:25:41.2876515Z Updating files:  34% (1357/3989)
e0-keyledger-contract	Run actions/checkout@v4	2026-10-09T07:25:41.3257684Z Updating files:  35% (1397/3989)
e0-keyledger-contract	Run actions/checkout@v4	2026-10-09T07:25:41.3503207Z Updating files:  36% (1437/3989)
e0-keyledger-contract	Run actions/checkout@v4	2026-10-09T07:25:41.3530853Z Updating files:  37% (1476/3989)
e0-keyledger-contract	Run actions/checkout@v4	2026-10-09T07:25:41.3552167Z Updating files:  38% (1516/3989)
e0-keyledger-contract	Run actions/checkout@v4	2026-10-09T07:25:41.3573100Z Updating files:  39% (1556/3989)
e0-keyledger-contract	Run actions/checkout@v4	2026-10-09T07:25:41.3595034Z Updating files:  40% (1596/3989)
e0-keyledger-contract	Run actions/checkout@v4	2026-10-09T07:25:41.3606314Z Updating files:  41% (1636/3989)
e0-keyledger-contract	Run actions/checkout@v4	2026-10-09T07:25:41.3619216Z Updating files:  42% (1676/3989)
e0-keyledger-contract	Run actions/checkout@v4	2026-10-09T07:25:41.3641394Z Updating files:  43% (1716/3989)
e0-keyledger-contract	Run actions/checkout@v4	2026-10-09T07:25:41.3983072Z Updating files:  44% (1756/3989)
e0-keyledger-contract	Run actions/checkout@v4	2026-10-09T07:25:41.4234661Z Updating files:  45% (1796/3989)
e0-keyledger-contract	Run actions/checkout@v4	2026-10-09T07:25:41.4653319Z Updating files:  46% (1835/3989)
e0-keyledger-contract	Run actions/checkout@v4	2026-10-09T07:25:41.5107950Z Updating files:  47% (1875/3989)
e0-keyledger-contract	Run actions/checkout@v4	2026-10-09T07:25:41.9291908Z Updating files:  48% (1915/3989)
e0-keyledger-contract	Run actions/checkout@v4	2026-10-09T07:25:42.0414436Z Updating files:  49% (1955/3989)
e0-keyledger-contract	Run actions/checkout@v4	2026-10-09T07:25:42.0447493Z Updating files:  50% (1995/3989)
e0-keyledger-contract	Run actions/checkout@v4	2026-10-09T07:25:42.0556355Z Updating files:  51% (2035/3989)
e0-keyledger-contract	Run actions/checkout@v4	2026-10-09T07:25:42.0590477Z Updating files:  52% (2075/3989)
e0-keyledger-contract	Run actions/checkout@v4	2026-10-09T07:25:42.0617847Z Updating files:  53% (2115/3989)
e0-keyledger-contract	Run actions/checkout@v4	2026-10-09T07:25:42.0652778Z Updating files:  54% (2155/3989)
e0-keyledger-contract	Run actions/checkout@v4	2026-10-09T07:25:42.0708269Z Updating files:  55% (2194/3989)
e0-keyledger-contract	Run actions/checkout@v4	2026-10-09T07:25:42.0767596Z Updating files:  56% (2234/3989)
e0-keyledger-contract	Run actions/checkout@v4	2026-10-09T07:25:42.0824363Z Updating files:  57% (2274/3989)
e0-keyledger-contract	Run actions/checkout@v4	2026-10-09T07:25:42.0860703Z Updating files:  58% (2314/3989)
e0-keyledger-contract	Run actions/checkout@v4	2026-10-09T07:25:42.1835099Z Updating files:  59% (2354/3989)
e0-keyledger-contract	Run actions/checkout@v4	2026-10-09T07:25:42.2381270Z Updating files:  60% (2394/3989)
e0-keyledger-contract	Run actions/checkout@v4	2026-10-09T07:25:42.2444681Z Updating files:  60% (2418/3989)
e0-keyledger-contract	Run actions/checkout@v4	2026-10-09T07:25:42.2943492Z Updating files:  61% (2434/3989)
e0-keyledger-contract	Run actions/checkout@v4	2026-10-09T07:25:42.3510422Z Updating files:  62% (2474/3989)
e0-keyledger-contract	Run actions/checkout@v4	2026-10-09T07:25:42.3991863Z Updating files:  63% (2514/3989)
e0-keyledger-contract	Run actions/checkout@v4	2026-10-09T07:25:42.4594924Z Updating files:  64% (2553/3989)
e0-keyledger-contract	Run actions/checkout@v4	2026-10-09T07:25:42.4876074Z Updating files:  65% (2593/3989)
e0-keyledger-contract	Run actions/checkout@v4	2026-10-09T07:25:42.5453112Z Updating files:  66% (2633/3989)
e0-keyledger-contract	Run actions/checkout@v4	2026-10-09T07:25:42.6013030Z Updating files:  67% (2673/3989)
e0-keyledger-contract	Run actions/checkout@v4	2026-10-09T07:25:42.6466974Z Updating files:  68% (2713/3989)
e0-keyledger-contract	Run actions/checkout@v4	2026-10-09T07:25:42.6487384Z Updating files:  69% (2753/3989)
e0-keyledger-contract	Run actions/checkout@v4	2026-10-09T07:25:42.6496003Z Updating files:  70% (2793/3989)
e0-keyledger-contract	Run actions/checkout@v4	2026-10-09T07:25:42.6548405Z Updating files:  71% (2833/3989)
e0-keyledger-contract	Run actions/checkout@v4	2026-10-09T07:25:42.6556056Z Updating files:  72% (2873/3989)
e0-keyledger-contract	Run actions/checkout@v4	2026-10-09T07:25:42.6576189Z Updating files:  73% (2912/3989)
e0-keyledger-contract	Run actions/checkout@v4	2026-10-09T07:25:42.6596242Z Updating files:  74% (2952/3989)
e0-keyledger-contract	Run actions/checkout@v4	2026-10-09T07:25:42.6605777Z Updating files:  75% (2992/3989)
e0-keyledger-contract	Run actions/checkout@v4	2026-10-09T07:25:42.6623806Z Updating files:  76% (3032/3989)
e0-keyledger-contract	Run actions/checkout@v4	2026-10-09T07:25:42.6657658Z Updating files:  77% (3072/3989)
e0-keyledger-contract	Run actions/checkout@v4	2026-10-09T07:25:42.6675944Z Updating files:  78% (3112/3989)
e0-keyledger-contract	Run actions/checkout@v4	2026-10-09T07:25:42.6687563Z Updating files:  79% (3152/3989)
e0-keyledger-contract	Run actions/checkout@v4	2026-10-09T07:25:42.6706110Z Updating files:  80% (3192/3989)
e0-keyledger-contract	Run actions/checkout@v4	2026-10-09T07:25:42.6743606Z Updating files:  81% (3232/3989)
e0-keyledger-contract	Run actions/checkout@v4	2026-10-09T07:25:42.6766114Z Updating files:  82% (3271/3989)
e0-keyledger-contract	Run actions/checkout@v4	2026-10-09T07:25:42.6787902Z Updating files:  83% (3311/3989)
e0-keyledger-contract	Run actions/checkout@v4	2026-10-09T07:25:42.6791602Z Updating files:  84% (3351/3989)
e0-keyledger-contract	Run actions/checkout@v4	2026-10-09T07:25:42.6814136Z Updating files:  85% (3391/3989)
e0-keyledger-contract	Run actions/checkout@v4	2026-10-09T07:25:42.6855891Z Updating files:  86% (3431/3989)
e0-keyledger-contract	Run actions/checkout@v4	2026-10-09T07:25:42.6865874Z Updating files:  87% (3471/3989)
e0-keyledger-contract	Run actions/checkout@v4	2026-10-09T07:25:42.6895986Z Updating files:  88% (3511/3989)
e0-keyledger-contract	Run actions/checkout@v4	2026-10-09T07:25:42.6916838Z Updating files:  89% (3551/3989)
e0-keyledger-contract	Run actions/checkout@v4	2026-10-09T07:25:42.6925910Z Updating files:  90% (3591/3989)
e0-keyledger-contract	Run actions/checkout@v4	2026-10-09T07:25:42.7146267Z Updating files:  91% (3630/3989)
e0-keyledger-contract	Run actions/checkout@v4	2026-10-09T07:25:42.7379445Z Updating files:  92% (3670/3989)
e0-keyledger-contract	Run actions/checkout@v4	2026-10-09T07:25:42.7480505Z Updating files:  93% (3710/3989)
e0-keyledger-contract	Run actions/checkout@v4	2026-10-09T07:25:42.7960422Z Updating files:  94% (3750/3989)
e0-keyledger-contract	Run actions/checkout@v4	2026-10-09T07:25:42.8328209Z Updating files:  95% (3790/3989)
e0-keyledger-contract	Run actions/checkout@v4	2026-10-09T07:25:42.8620346Z Updating files:  96% (3830/3989)
e0-keyledger-contract	Run actions/checkout@v4	2026-10-09T07:25:42.9380175Z Updating files:  97% (3870/3989)
e0-keyledger-contract	Run actions/checkout@v4	2026-10-09T07:25:42.9485226Z Updating files:  98% (3910/3989)
e0-keyledger-contract	Run actions/checkout@v4	2026-10-09T07:25:42.9507179Z Updating files:  99% (3950/3989)
e0-keyledger-contract	Run actions/checkout@v4	2026-10-09T07:25:42.9508797Z Updating files: 100% (3989/3989)
e0-keyledger-contract	Run actions/checkout@v4	2026-10-09T07:25:42.9509556Z Updating files: 100% (3989/3989), done.
e0-keyledger-contract	Run actions/checkout@v4	2026-10-09T07:25:43.1989608Z Switched to a new branch 'webgpt-sync'
e0-keyledger-contract	Run actions/checkout@v4	2026-10-09T07:25:43.2433560Z branch 'webgpt-sync' set up to track 'origin/webgpt-sync'.
e0-keyledger-contract	Run actions/checkout@v4	2026-10-09T07:25:43.2498646Z ##[endgroup]
e0-keyledger-contract	Run actions/checkout@v4	2026-10-09T07:25:43.2534697Z [command]/usr/bin/git log -1 --format=%H
e0-keyledger-contract	Run actions/checkout@v4	2026-10-09T07:25:43.2559115Z f637743a8af9faacbb908e8b4bae4b8f4661b193
e0-keyledger-contract	Run actions/setup-python@v5	﻿2026-10-09T07:25:43.3371647Z ##[group]Run actions/setup-python@v5
e0-keyledger-contract	Run actions/setup-python@v5	2026-10-09T07:25:43.3372343Z with:
e0-keyledger-contract	Run actions/setup-python@v5	2026-10-09T07:25:43.3372701Z   python-version: 3.12
e0-keyledger-contract	Run actions/setup-python@v5	2026-10-09T07:25:43.3373106Z   check-latest: false
e0-keyledger-contract	Run actions/setup-python@v5	2026-10-09T07:25:43.3378141Z   token: ***
e0-keyledger-contract	Run actions/setup-python@v5	2026-10-09T07:25:43.3378513Z   update-environment: true
e0-keyledger-contract	Run actions/setup-python@v5	2026-10-09T07:25:43.3378950Z   allow-prereleases: false
e0-keyledger-contract	Run actions/setup-python@v5	2026-10-09T07:25:43.3379365Z   freethreaded: false
e0-keyledger-contract	Run actions/setup-python@v5	2026-10-09T07:25:43.3379744Z ##[endgroup]
e0-keyledger-contract	Run actions/setup-python@v5	2026-10-09T07:25:43.5652642Z ##[group]Installed versions
e0-keyledger-contract	Run actions/setup-python@v5	2026-10-09T07:25:44.1502519Z (node:2072) [DEP0040] DeprecationWarning: The `punycode` module is deprecated. Please use a userland alternative instead.
e0-keyledger-contract	Run actions/setup-python@v5	2026-10-09T07:25:44.1503754Z Successfully set up CPython (3.12.15)
e0-keyledger-contract	Run actions/setup-python@v5	2026-10-09T07:25:44.1504516Z (Use `node --trace-deprecation ...` to show where the warning was created)
e0-keyledger-contract	Run actions/setup-python@v5	2026-10-09T07:25:44.1506094Z ##[endgroup]
e0-keyledger-contract	E0 unit contracts	﻿2026-10-09T07:25:44.1972424Z ##[group]Run set -o pipefail
e0-keyledger-contract	E0 unit contracts	2026-10-09T07:25:44.1972930Z ^[[36;1mset -o pipefail^[[0m
e0-keyledger-contract	E0 unit contracts	2026-10-09T07:25:44.1973417Z ^[[36;1mmkdir -p runs/e0_keyledger_v0/ci^[[0m
e0-keyledger-contract	E0 unit contracts	2026-10-09T07:25:44.1974402Z ^[[36;1mpython -B -m unittest discover -s tools/e0_keyledger_v0/tests -v 2>&1 | tee runs/e0_keyledger_v0/ci/unit-tests.log^[[0m
e0-keyledger-contract	E0 unit contracts	2026-10-09T07:25:45.6459038Z shell: /usr/bin/bash -e {0}
e0-keyledger-contract	E0 unit contracts	2026-10-09T07:25:45.6459406Z env:
e0-keyledger-contract	E0 unit contracts	2026-10-09T07:25:45.6459758Z   pythonLocation: /opt/hostedtoolcache/Python/3.12.15/x64
e0-keyledger-contract	E0 unit contracts	2026-10-09T07:25:45.6460277Z   PKG_CONFIG_PATH: /opt/hostedtoolcache/Python/3.12.15/x64/lib/pkgconfig
e0-keyledger-contract	E0 unit contracts	2026-10-09T07:25:45.6460783Z   Python_ROOT_DIR: /opt/hostedtoolcache/Python/3.12.15/x64
e0-keyledger-contract	E0 unit contracts	2026-10-09T07:25:45.6461229Z   Python2_ROOT_DIR: /opt/hostedtoolcache/Python/3.12.15/x64
e0-keyledger-contract	E0 unit contracts	2026-10-09T07:25:45.6461685Z   Python3_ROOT_DIR: /opt/hostedtoolcache/Python/3.12.15/x64
e0-keyledger-contract	E0 unit contracts	2026-10-09T07:25:45.6462132Z   LD_LIBRARY_PATH: /opt/hostedtoolcache/Python/3.12.15/x64/lib
e0-keyledger-contract	E0 unit contracts	2026-10-09T07:25:45.6462563Z   PYTHONDONTWRITEBYTECODE: 1
e0-keyledger-contract	E0 unit contracts	2026-10-09T07:25:45.6462928Z   PYTHONPATH: tools
e0-keyledger-contract	E0 unit contracts	2026-10-09T07:25:45.6463178Z ##[endgroup]
e0-keyledger-contract	E0 unit contracts	2026-10-09T07:25:47.0542326Z test_advance_return_matches_legacy_snapshot_for_idle_actor_and_mid_r (test_executor.ExecutorBoundaryTests.test_advance_return_matches_legacy_snapshot_for_idle_actor_and_mid_r) ... ok
e0-keyledger-contract	E0 unit contracts	2026-10-09T07:25:47.0545009Z test_checkpoint_copier_falls_back_for_non_json_values_and_subclasses (test_executor.ExecutorBoundaryTests.test_checkpoint_copier_falls_back_for_non_json_values_and_subclasses) ... ok
e0-keyledger-contract	E0 unit contracts	2026-10-09T07:25:47.0803999Z test_checkpoint_copier_matches_deepcopy_for_all_fixtures_and_real_histories (test_executor.ExecutorBoundaryTests.test_checkpoint_copier_matches_deepcopy_for_all_fixtures_and_real_histories) ... ok
e0-keyledger-contract	E0 unit contracts	2026-10-09T07:25:47.0807301Z test_checkpoint_copier_preserves_container_aliases_and_cycles (test_executor.ExecutorBoundaryTests.test_checkpoint_copier_preserves_container_aliases_and_cycles) ... ok
e0-keyledger-contract	E0 unit contracts	2026-10-09T07:25:47.0811481Z test_malformed_idle_is_rejected_without_world_change (test_executor.ExecutorBoundaryTests.test_malformed_idle_is_rejected_without_world_change) ... ok
e0-keyledger-contract	E0 unit contracts	2026-10-09T07:25:47.0841199Z test_settlement_revalidates_resources_and_releases_reservation (test_executor.ExecutorBoundaryTests.test_settlement_revalidates_resources_and_releases_reservation) ... ok
e0-keyledger-contract	E0 unit contracts	2026-10-09T07:25:47.0895726Z test_terminal_receipt_deltas_are_frozen_across_later_actions_and_restore (test_executor.ExecutorBoundaryTests.test_terminal_receipt_deltas_are_frozen_across_later_actions_and_restore) ... ok
e0-keyledger-contract	E0 unit contracts	2026-10-09T07:25:47.0903561Z test_u01_canonical_checkpoint_and_monitor_bridge_agree (test_executor.ExecutorBoundaryTests.test_u01_canonical_checkpoint_and_monitor_bridge_agree) ... ok
e0-keyledger-contract	E0 unit contracts	2026-10-09T07:25:47.0916186Z test_valid_idle_forecast_matches_explicit_empty_observation_delta (test_executor.ExecutorBoundaryTests.test_valid_idle_forecast_matches_explicit_empty_observation_delta) ... ok
e0-keyledger-contract	E0 unit contracts	2026-10-09T07:25:47.0919730Z test_counterfeit_event_without_receipt_is_rejected (test_monitor_bridge.MonitorBridgeTests.test_counterfeit_event_without_receipt_is_rejected) ... ok
e0-keyledger-contract	E0 unit contracts	2026-10-09T07:25:47.0953673Z test_e0_window_uses_t2_as_scenario_start (test_monitor_bridge.MonitorBridgeTests.test_e0_window_uses_t2_as_scenario_start) ... ok
e0-keyledger-contract	E0 unit contracts	2026-10-09T07:25:47.0987435Z test_event_goal_is_pending_then_satisfied_from_receipt_backed_event (test_monitor_bridge.MonitorBridgeTests.test_event_goal_is_pending_then_satisfied_from_receipt_backed_event) ... ok
e0-keyledger-contract	E0 unit contracts	2026-10-09T07:25:47.1018572Z test_event_payload_cannot_be_changed_while_reusing_receipt_event_id (test_monitor_bridge.MonitorBridgeTests.test_event_payload_cannot_be_changed_while_reusing_receipt_event_id) ... ok
e0-keyledger-contract	E0 unit contracts	2026-10-09T07:25:47.1065849Z test_holding_state_and_event_goal_are_separate (test_monitor_bridge.MonitorBridgeTests.test_holding_state_and_event_goal_are_separate) ... ok
e0-keyledger-contract	E0 unit contracts	2026-10-09T07:25:47.1071588Z test_key1_tombstone_prefix_uses_receipt_grounded_item (test_monitor_bridge.MonitorBridgeTests.test_key1_tombstone_prefix_uses_receipt_grounded_item) ... ok
e0-keyledger-contract	E0 unit contracts	2026-10-09T07:25:47.1082909Z test_missing_past_seal_is_indeterminate (test_monitor_bridge.MonitorBridgeTests.test_missing_past_seal_is_indeterminate) ... ok
e0-keyledger-contract	E0 unit contracts	2026-10-09T07:25:47.1098449Z test_reordered_event_ledger_is_not_sorted_into_validity (test_monitor_bridge.MonitorBridgeTests.test_reordered_event_ledger_is_not_sorted_into_validity) ... ok
e0-keyledger-contract	E0 unit contracts	2026-10-09T07:25:47.1101687Z test_reordered_seal_ledger_including_pre_horizon_rows_is_rejected (test_monitor_bridge.MonitorBridgeTests.test_reordered_seal_ledger_including_pre_horizon_rows_is_rejected) ... ok
e0-keyledger-contract	E0 unit contracts	2026-10-09T07:25:47.1116936Z test_cap_one_counts_start_and_preserves_frontier (test_oracle.OracleAcceptanceTests.test_cap_one_counts_start_and_preserves_frontier) ... ok
e0-keyledger-contract	E0 unit contracts	2026-10-09T07:25:47.1923019Z test_deadline_seven_includes_t7_event (test_oracle.OracleAcceptanceTests.test_deadline_seven_includes_t7_event) ... ok
e0-keyledger-contract	E0 unit contracts	2026-10-09T07:25:47.2219952Z test_deadline_six_has_no_goal (test_oracle.OracleAcceptanceTests.test_deadline_six_has_no_goal) ... ok
e0-keyledger-contract	E0 unit contracts	2026-10-09T07:25:47.5974072Z test_decline_pin_has_no_goal (test_oracle.OracleAcceptanceTests.test_decline_pin_has_no_goal) ... ok
e0-keyledger-contract	E0 unit contracts	2026-10-09T07:25:47.5979711Z test_future_minutes_do_not_fill_a_missing_seal_prefix (test_oracle.OracleAcceptanceTests.test_future_minutes_do_not_fill_a_missing_seal_prefix) ... ok
e0-keyledger-contract	E0 unit contracts	2026-10-09T07:25:47.5994934Z test_goal_shaped_event_without_take_receipt_is_not_a_witness (test_oracle.OracleAcceptanceTests.test_goal_shaped_event_without_take_receipt_is_not_a_witness) ... ok
e0-keyledger-contract	E0 unit contracts	2026-10-09T07:25:47.6011098Z test_information_knowledge_and_copresence_are_preconditions (test_oracle.OracleAcceptanceTests.test_information_knowledge_and_copresence_are_preconditions) ... ok
e0-keyledger-contract	E0 unit contracts	2026-10-09T07:25:48.7004267Z test_initial_holding_is_not_goal_event (test_oracle.OracleAcceptanceTests.test_initial_holding_is_not_goal_event) ... ok
e0-keyledger-contract	E0 unit contracts	2026-10-09T07:25:50.2896823Z test_joint_reply_has_accept_path (test_oracle.OracleAcceptanceTests.test_joint_reply_has_accept_path) ... ok
e0-keyledger-contract	E0 unit contracts	2026-10-09T07:25:51.1128846Z test_key1_tombstone_has_no_goal (test_oracle.OracleAcceptanceTests.test_key1_tombstone_has_no_goal) ... ok
e0-keyledger-contract	E0 unit contracts	2026-10-09T07:25:52.4743899Z test_normal_accept_goal_is_at_t7 (test_oracle.OracleAcceptanceTests.test_normal_accept_goal_is_at_t7) ... ok
e0-keyledger-contract	E0 unit contracts	2026-10-09T07:25:52.4896318Z test_oracle_resumes_mid_unlock_and_executor_replays_path (test_oracle.OracleAcceptanceTests.test_oracle_resumes_mid_unlock_and_executor_replays_path) ... ok
e0-keyledger-contract	E0 unit contracts	2026-10-09T07:25:52.6062468Z test_t5_checkpoint_includes_right_endpoint_t10 (test_oracle.OracleAcceptanceTests.test_t5_checkpoint_includes_right_endpoint_t10) ... ok
e0-keyledger-contract	E0 unit contracts	2026-10-09T07:25:53.4395807Z test_three_minute_unlock_keeps_forced_boundaries (test_oracle.OracleAcceptanceTests.test_three_minute_unlock_keeps_forced_boundaries) ... ok
e0-keyledger-contract	E0 unit contracts	2026-10-09T07:25:53.4447001Z test_transcribed_settlement_events_have_frozen_signatures (test_oracle.OracleAcceptanceTests.test_transcribed_settlement_events_have_frozen_signatures) ... ok
e0-keyledger-contract	E0 unit contracts	2026-10-09T07:25:53.4466714Z test_witness_requires_exact_receipt_payload_and_contiguous_seal (test_oracle.OracleAcceptanceTests.test_witness_requires_exact_receipt_payload_and_contiguous_seal) ... ok
e0-keyledger-contract	E0 unit contracts	2026-10-09T07:25:53.4515242Z test_c01_test_pass_is_separate_from_budget_search_status (test_runner.RunnerContractTests.test_c01_test_pass_is_separate_from_budget_search_status) ... ok
e0-keyledger-contract	E0 unit contracts	2026-10-09T07:25:56.5670462Z test_h02_keeps_state_and_event_outcomes_distinct (test_runner.RunnerContractTests.test_h02_keeps_state_and_event_outcomes_distinct) ... ok
e0-keyledger-contract	E0 unit contracts	2026-10-09T07:25:58.1423172Z test_p02_checks_every_boundary_and_reservation (test_runner.RunnerContractTests.test_p02_checks_every_boundary_and_reservation) ... ok
e0-keyledger-contract	E0 unit contracts	2026-10-09T07:25:58.1644640Z test_x01_has_valid_match_and_detects_both_prediction_mutations (test_runner.RunnerContractTests.test_x01_has_valid_match_and_detects_both_prediction_mutations) ... ok
e0-keyledger-contract	E0 unit contracts	2026-10-09T07:25:58.1647537Z 
e0-keyledger-contract	E0 unit contracts	2026-10-09T07:25:58.1648221Z ----------------------------------------------------------------------
e0-keyledger-contract	E0 unit contracts	2026-10-09T07:25:58.1649366Z Ran 38 tests in 11.120s
e0-keyledger-contract	E0 unit contracts	2026-10-09T07:25:58.1649928Z 
e0-keyledger-contract	E0 unit contracts	2026-10-09T07:25:58.1650279Z OK
e0-keyledger-contract	Run all frozen E0 fixtures under protocol budgets	﻿2026-10-09T07:25:58.1830040Z ##[group]Run python -B -m tools.e0_keyledger_v0.runner --case all --run-id ci-37898921385-1 --output-root runs/e0_keyledger_v0/ci
e0-keyledger-contract	Run all frozen E0 fixtures under protocol budgets	2026-10-09T07:25:58.1830885Z ^[[36;1mpython -B -m tools.e0_keyledger_v0.runner --case all --run-id ci-37898921385-1 --output-root runs/e0_keyledger_v0/ci^[[0m
e0-keyledger-contract	Run all frozen E0 fixtures under protocol budgets	2026-10-09T07:25:58.1867777Z shell: /usr/bin/bash -e {0}
e0-keyledger-contract	Run all frozen E0 fixtures under protocol budgets	2026-10-09T07:25:58.1868047Z env:
e0-keyledger-contract	Run all frozen E0 fixtures under protocol budgets	2026-10-09T07:25:58.1868318Z   pythonLocation: /opt/hostedtoolcache/Python/3.12.15/x64
e0-keyledger-contract	Run all frozen E0 fixtures under protocol budgets	2026-10-09T07:25:58.1868748Z   PKG_CONFIG_PATH: /opt/hostedtoolcache/Python/3.12.15/x64/lib/pkgconfig
e0-keyledger-contract	Run all frozen E0 fixtures under protocol budgets	2026-10-09T07:25:58.1869160Z   Python_ROOT_DIR: /opt/hostedtoolcache/Python/3.12.15/x64
e0-keyledger-contract	Run all frozen E0 fixtures under protocol budgets	2026-10-09T07:25:58.1869530Z   Python2_ROOT_DIR: /opt/hostedtoolcache/Python/3.12.15/x64
e0-keyledger-contract	Run all frozen E0 fixtures under protocol budgets	2026-10-09T07:25:58.1869907Z   Python3_ROOT_DIR: /opt/hostedtoolcache/Python/3.12.15/x64
e0-keyledger-contract	Run all frozen E0 fixtures under protocol budgets	2026-10-09T07:25:58.1870273Z   LD_LIBRARY_PATH: /opt/hostedtoolcache/Python/3.12.15/x64/lib
e0-keyledger-contract	Run all frozen E0 fixtures under protocol budgets	2026-10-09T07:25:58.1870622Z   PYTHONDONTWRITEBYTECODE: 1
e0-keyledger-contract	Run all frozen E0 fixtures under protocol budgets	2026-10-09T07:25:58.1870869Z   PYTHONPATH: tools
e0-keyledger-contract	Run all frozen E0 fixtures under protocol budgets	2026-10-09T07:25:58.1871123Z ##[endgroup]
e0-keyledger-contract	Run all frozen E0 fixtures under protocol budgets	2026-10-09T07:26:13.0582967Z {
e0-keyledger-contract	Run all frozen E0 fixtures under protocol budgets	2026-10-09T07:26:13.0584195Z   "run_dir": "runs/e0_keyledger_v0/ci/20261009T072612Z_all_ci-37898921385-1",
e0-keyledger-contract	Run all frozen E0 fixtures under protocol budgets	2026-10-09T07:26:13.0586300Z   "fixture_test_result": "FAIL",
e0-keyledger-contract	Run all frozen E0 fixtures under protocol budgets	2026-10-09T07:26:13.0587180Z   "fixture_results": {
e0-keyledger-contract	Run all frozen E0 fixtures under protocol budgets	2026-10-09T07:26:13.0587983Z     "E0-P01": "PASS",
e0-keyledger-contract	Run all frozen E0 fixtures under protocol budgets	2026-10-09T07:26:13.0588585Z     "E0-N01": "PASS",
e0-keyledger-contract	Run all frozen E0 fixtures under protocol budgets	2026-10-09T07:26:13.0589027Z     "E0-B01": "PASS",
e0-keyledger-contract	Run all frozen E0 fixtures under protocol budgets	2026-10-09T07:26:13.0589462Z     "E0-B02": "PASS",
e0-keyledger-contract	Run all frozen E0 fixtures under protocol budgets	2026-10-09T07:26:13.0589904Z     "E0-B03": "PASS",
e0-keyledger-contract	Run all frozen E0 fixtures under protocol budgets	2026-10-09T07:26:13.0590340Z     "E0-H01": "PASS",
e0-keyledger-contract	Run all frozen E0 fixtures under protocol budgets	2026-10-09T07:26:13.0590762Z     "E0-N02": "PASS",
e0-keyledger-contract	Run all frozen E0 fixtures under protocol budgets	2026-10-09T07:26:13.0591169Z     "E0-H02": "FAIL",
e0-keyledger-contract	Run all frozen E0 fixtures under protocol budgets	2026-10-09T07:26:13.0591574Z     "E0-X01": "PASS",
e0-keyledger-contract	Run all frozen E0 fixtures under protocol budgets	2026-10-09T07:26:13.0592007Z     "E0-X02": "PASS",
e0-keyledger-contract	Run all frozen E0 fixtures under protocol budgets	2026-10-09T07:26:13.0592436Z     "E0-P02": "PASS",
e0-keyledger-contract	Run all frozen E0 fixtures under protocol budgets	2026-10-09T07:26:13.0593396Z     "E0-U01": "PASS",
e0-keyledger-contract	Run all frozen E0 fixtures under protocol budgets	2026-10-09T07:26:13.0593811Z     "E0-C01": "PASS",
e0-keyledger-contract	Run all frozen E0 fixtures under protocol budgets	2026-10-09T07:26:13.0594225Z     "E0-F01": "PASS"
e0-keyledger-contract	Run all frozen E0 fixtures under protocol budgets	2026-10-09T07:26:13.0594649Z   }
e0-keyledger-contract	Run all frozen E0 fixtures under protocol budgets	2026-10-09T07:26:13.0595029Z }
e0-keyledger-contract	Run all frozen E0 fixtures under protocol budgets	2026-10-09T07:26:13.0753452Z ##[error]Process completed with exit code 1.
e0-keyledger-contract	Preserve E0 inputs, traces, search results, and failures	﻿2026-10-09T07:26:13.0834558Z ##[group]Run actions/upload-artifact@v4
e0-keyledger-contract	Preserve E0 inputs, traces, search results, and failures	2026-10-09T07:26:13.0834842Z with:
e0-keyledger-contract	Preserve E0 inputs, traces, search results, and failures	2026-10-09T07:26:13.0835048Z   name: e0-keyledger-37898921385-1
e0-keyledger-contract	Preserve E0 inputs, traces, search results, and failures	2026-10-09T07:26:13.0835511Z   path: runs/e0_keyledger_v0/ci/
e0-keyledger-contract	Preserve E0 inputs, traces, search results, and failures	2026-10-09T07:26:13.0835768Z   if-no-files-found: ignore
e0-keyledger-contract	Preserve E0 inputs, traces, search results, and failures	2026-10-09T07:26:13.0836002Z   retention-days: 30
e0-keyledger-contract	Preserve E0 inputs, traces, search results, and failures	2026-10-09T07:26:13.0836216Z   compression-level: 6
e0-keyledger-contract	Preserve E0 inputs, traces, search results, and failures	2026-10-09T07:26:13.0836436Z   overwrite: false
e0-keyledger-contract	Preserve E0 inputs, traces, search results, and failures	2026-10-09T07:26:13.0836659Z   include-hidden-files: false
e0-keyledger-contract	Preserve E0 inputs, traces, search results, and failures	2026-10-09T07:26:13.0836887Z env:
e0-keyledger-contract	Preserve E0 inputs, traces, search results, and failures	2026-10-09T07:26:13.0837140Z   pythonLocation: /opt/hostedtoolcache/Python/3.12.15/x64
e0-keyledger-contract	Preserve E0 inputs, traces, search results, and failures	2026-10-09T07:26:13.0837565Z   PKG_CONFIG_PATH: /opt/hostedtoolcache/Python/3.12.15/x64/lib/pkgconfig
e0-keyledger-contract	Preserve E0 inputs, traces, search results, and failures	2026-10-09T07:26:13.0837973Z   Python_ROOT_DIR: /opt/hostedtoolcache/Python/3.12.15/x64
e0-keyledger-contract	Preserve E0 inputs, traces, search results, and failures	2026-10-09T07:26:13.0838349Z   Python2_ROOT_DIR: /opt/hostedtoolcache/Python/3.12.15/x64
e0-keyledger-contract	Preserve E0 inputs, traces, search results, and failures	2026-10-09T07:26:13.0838711Z   Python3_ROOT_DIR: /opt/hostedtoolcache/Python/3.12.15/x64
e0-keyledger-contract	Preserve E0 inputs, traces, search results, and failures	2026-10-09T07:26:13.0839079Z   LD_LIBRARY_PATH: /opt/hostedtoolcache/Python/3.12.15/x64/lib
e0-keyledger-contract	Preserve E0 inputs, traces, search results, and failures	2026-10-09T07:26:13.0839441Z ##[endgroup]
e0-keyledger-contract	Preserve E0 inputs, traces, search results, and failures	2026-10-09T07:26:13.2520239Z (node:2100) [DEP0040] DeprecationWarning: The `punycode` module is deprecated. Please use a userland alternative instead.
e0-keyledger-contract	Preserve E0 inputs, traces, search results, and failures	2026-10-09T07:26:13.2527660Z (Use `node --trace-deprecation ...` to show where the warning was created)
e0-keyledger-contract	Preserve E0 inputs, traces, search results, and failures	2026-10-09T07:26:13.3160390Z With the provided path, there will be 30 files uploaded
e0-keyledger-contract	Preserve E0 inputs, traces, search results, and failures	2026-10-09T07:26:13.3205908Z Artifact name is valid!
e0-keyledger-contract	Preserve E0 inputs, traces, search results, and failures	2026-10-09T07:26:13.3225835Z Root directory input is valid!
e0-keyledger-contract	Preserve E0 inputs, traces, search results, and failures	2026-10-09T07:26:13.6566131Z Beginning upload of artifact content to blob storage
e0-keyledger-contract	Preserve E0 inputs, traces, search results, and failures	2026-10-09T07:26:14.0565737Z (node:2100) [DEP0169] DeprecationWarning: `url.parse()` behavior is not standardized and prone to errors that have security implications. Use the WHATWG URL API instead. CVEs are not issued for `url.parse()` vulnerabilities.
e0-keyledger-contract	Preserve E0 inputs, traces, search results, and failures	2026-10-09T07:26:14.6655704Z Uploaded bytes 1628310
e0-keyledger-contract	Preserve E0 inputs, traces, search results, and failures	2026-10-09T07:26:14.7311925Z Finished uploading artifact content to blob storage!
e0-keyledger-contract	Preserve E0 inputs, traces, search results, and failures	2026-10-09T07:26:14.7313628Z SHA256 digest of uploaded artifact zip is 3093ef768578f59593a28e3c5df3c9c24d2d441b4eb221acbbd3b2dc0126e8fd
e0-keyledger-contract	Preserve E0 inputs, traces, search results, and failures	2026-10-09T07:26:14.7314952Z Finalizing artifact upload
e0-keyledger-contract	Preserve E0 inputs, traces, search results, and failures	2026-10-09T07:26:15.0167283Z Artifact e0-keyledger-37898921385-1.zip successfully finalized. Artifact ID 11600699426
e0-keyledger-contract	Preserve E0 inputs, traces, search results, and failures	2026-10-09T07:26:15.0168694Z Artifact e0-keyledger-37898921385-1 has been successfully uploaded! Final size is 1628310 bytes. Artifact ID is 11600699426
e0-keyledger-contract	Preserve E0 inputs, traces, search results, and failures	2026-10-09T07:26:15.0175745Z Artifact download URL: https://github.com/2003SINGER/character-dynamics-lab/actions/runs/37898921385/artifacts/11600699426
e0-keyledger-contract	Post Run actions/checkout@v4	﻿2026-10-09T07:26:15.0443490Z Post job cleanup.
e0-keyledger-contract	Post Run actions/checkout@v4	2026-10-09T07:26:15.1404046Z [command]/usr/bin/git version
e0-keyledger-contract	Post Run actions/checkout@v4	2026-10-09T07:26:15.1476277Z git version 2.55.0
e0-keyledger-contract	Post Run actions/checkout@v4	2026-10-09T07:26:15.1567761Z Temporarily overriding HOME='/home/runner/work/_temp/da97132f-54cb-411d-aece-e0a07b5da515' before making global git config changes
e0-keyledger-contract	Post Run actions/checkout@v4	2026-10-09T07:26:15.1583614Z Adding repository directory to the temporary git global config as a safe directory
e0-keyledger-contract	Post Run actions/checkout@v4	2026-10-09T07:26:15.1599597Z [command]/usr/bin/git config --global --add safe.directory /home/runner/work/character-dynamics-lab/character-dynamics-lab
e0-keyledger-contract	Post Run actions/checkout@v4	2026-10-09T07:26:15.1642756Z [command]/usr/bin/git config --local --name-only --get-regexp core\.sshCommand
e0-keyledger-contract	Post Run actions/checkout@v4	2026-10-09T07:26:15.1645229Z [command]/usr/bin/git submodule foreach --recursive sh -c "git config --local --name-only --get-regexp 'core\.sshCommand' && git config --local --unset-all 'core.sshCommand' || :"
e0-keyledger-contract	Post Run actions/checkout@v4	2026-10-09T07:26:15.1993460Z [command]/usr/bin/git config --local --name-only --get-regexp http\.https\:\/\/github\.com\/\.extraheader
e0-keyledger-contract	Post Run actions/checkout@v4	2026-10-09T07:26:15.2035847Z http.https://github.com/.extraheader
e0-keyledger-contract	Post Run actions/checkout@v4	2026-10-09T07:26:15.2061978Z [command]/usr/bin/git config --local --unset-all http.https://github.com/.extraheader
e0-keyledger-contract	Post Run actions/checkout@v4	2026-10-09T07:26:15.2137074Z [command]/usr/bin/git submodule foreach --recursive sh -c "git config --local --name-only --get-regexp 'http\.https\:\/\/github\.com\/\.extraheader' && git config --local --unset-all 'http.https://github.com/.extraheader' || :"
e0-keyledger-contract	Post Run actions/checkout@v4	2026-10-09T07:26:15.2499951Z [command]/usr/bin/git config --local --name-only --get-regexp ^includeIf\.gitdir:
e0-keyledger-contract	Post Run actions/checkout@v4	2026-10-09T07:26:15.2657201Z [command]/usr/bin/git submodule foreach --recursive git config --local --show-origin --name-only --get-regexp remote.origin.url
e0-keyledger-contract	Complete job	﻿2026-10-09T07:26:15.3312520Z Cleaning up orphan processes
e0-keyledger-contract	Complete job	2026-10-09T07:26:15.3541163Z ##[warning]Node.js 20 is deprecated. The following actions target Node.js 20 but are being forced to run on Node.js 24: actions/checkout@v4, actions/setup-python@v5, actions/upload-artifact@v4. For more information see: https://github.blog/changelog/2025-09-19-deprecation-of-node-20-on-github-actions-runners/
