Requirement already satisfied: anything==0.2.1 in ./_local_data/native_platform_v0/evennia/venv/lib/python3.12/site-packages (from -r /Users/2003singer/Workspace/Research/character-dynamics-lab/tools/native_platform_v0/evennia/requirements.lock (line 1)) (0.2.1)
Requirement already satisfied: asgiref==3.12.1 in ./_local_data/native_platform_v0/evennia/venv/lib/python3.12/site-packages (from -r /Users/2003singer/Workspace/Research/character-dynamics-lab/tools/native_platform_v0/evennia/requirements.lock (line 2)) (3.12.1)
Requirement already satisfied: attrs==26.1.0 in ./_local_data/native_platform_v0/evennia/venv/lib/python3.12/site-packages (from -r /Users/2003singer/Workspace/Research/character-dynamics-lab/tools/native_platform_v0/evennia/requirements.lock (line 3)) (26.1.0)
Requirement already satisfied: autobahn==20.12.3 in ./_local_data/native_platform_v0/evennia/venv/lib/python3.12/site-packages (from -r /Users/2003singer/Workspace/Research/character-dynamics-lab/tools/native_platform_v0/evennia/requirements.lock (line 4)) (20.12.3)
Requirement already satisfied: Automat==25.4.16 in ./_local_data/native_platform_v0/evennia/venv/lib/python3.12/site-packages (from -r /Users/2003singer/Workspace/Research/character-dynamics-lab/tools/native_platform_v0/evennia/requirements.lock (line 5)) (25.4.16)
Requirement already satisfied: black==26.10.0 in ./_local_data/native_platform_v0/evennia/venv/lib/python3.12/site-packages (from -r /Users/2003singer/Workspace/Research/character-dynamics-lab/tools/native_platform_v0/evennia/requirements.lock (line 6)) (26.10.0)
Requirement already satisfied: cffi==2.1.1 in ./_local_data/native_platform_v0/evennia/venv/lib/python3.12/site-packages (from -r /Users/2003singer/Workspace/Research/character-dynamics-lab/tools/native_platform_v0/evennia/requirements.lock (line 7)) (2.1.1)
Requirement already satisfied: click==8.5.0 in ./_local_data/native_platform_v0/evennia/venv/lib/python3.12/site-packages (from -r /Users/2003singer/Workspace/Research/character-dynamics-lab/tools/native_platform_v0/evennia/requirements.lock (line 8)) (8.5.0)
Requirement already satisfied: constantly==23.10.4 in ./_local_data/native_platform_v0/evennia/venv/lib/python3.12/site-packages (from -r /Users/2003singer/Workspace/Research/character-dynamics-lab/tools/native_platform_v0/evennia/requirements.lock (line 9)) (23.10.4)
Requirement already satisfied: cryptography==50.0.2 in ./_local_data/native_platform_v0/evennia/venv/lib/python3.12/site-packages (from -r /Users/2003singer/Workspace/Research/character-dynamics-lab/tools/native_platform_v0/evennia/requirements.lock (line 10)) (50.0.2)
Requirement already satisfied: Django==6.0.9 in ./_local_data/native_platform_v0/evennia/venv/lib/python3.12/site-packages (from -r /Users/2003singer/Workspace/Research/character-dynamics-lab/tools/native_platform_v0/evennia/requirements.lock (line 11)) (6.0.9)
Requirement already satisfied: django-classy-tags==4.1.0 in ./_local_data/native_platform_v0/evennia/venv/lib/python3.12/site-packages (from -r /Users/2003singer/Workspace/Research/character-dynamics-lab/tools/native_platform_v0/evennia/requirements.lock (line 12)) (4.1.0)
Requirement already satisfied: django-filter==25.2 in ./_local_data/native_platform_v0/evennia/venv/lib/python3.12/site-packages (from -r /Users/2003singer/Workspace/Research/character-dynamics-lab/tools/native_platform_v0/evennia/requirements.lock (line 13)) (25.2)
Requirement already satisfied: django-sekizai==2.0.0 in ./_local_data/native_platform_v0/evennia/venv/lib/python3.12/site-packages (from -r /Users/2003singer/Workspace/Research/character-dynamics-lab/tools/native_platform_v0/evennia/requirements.lock (line 14)) (2.0.0)
Requirement already satisfied: djangorestframework==3.16.1 in ./_local_data/native_platform_v0/evennia/venv/lib/python3.12/site-packages (from -r /Users/2003singer/Workspace/Research/character-dynamics-lab/tools/native_platform_v0/evennia/requirements.lock (line 15)) (3.16.1)
Requirement already satisfied: evennia==6.0.0 in ./_local_data/native_platform_v0/evennia/venv/lib/python3.12/site-packages (from -r /Users/2003singer/Workspace/Research/character-dynamics-lab/tools/native_platform_v0/evennia/requirements.lock (line 16)) (6.0.0)
Requirement already satisfied: hyperlink==21.0.0 in ./_local_data/native_platform_v0/evennia/venv/lib/python3.12/site-packages (from -r /Users/2003singer/Workspace/Research/character-dynamics-lab/tools/native_platform_v0/evennia/requirements.lock (line 17)) (21.0.0)
Requirement already satisfied: idna==3.20 in ./_local_data/native_platform_v0/evennia/venv/lib/python3.12/site-packages (from -r /Users/2003singer/Workspace/Research/character-dynamics-lab/tools/native_platform_v0/evennia/requirements.lock (line 18)) (3.20)
Requirement already satisfied: Incremental==24.11.0 in ./_local_data/native_platform_v0/evennia/venv/lib/python3.12/site-packages (from -r /Users/2003singer/Workspace/Research/character-dynamics-lab/tools/native_platform_v0/evennia/requirements.lock (line 19)) (24.11.0)
Requirement already satisfied: inflect==7.5.0 in ./_local_data/native_platform_v0/evennia/venv/lib/python3.12/site-packages (from -r /Users/2003singer/Workspace/Research/character-dynamics-lab/tools/native_platform_v0/evennia/requirements.lock (line 20)) (7.5.0)
Requirement already satisfied: inflection==0.5.1 in ./_local_data/native_platform_v0/evennia/venv/lib/python3.12/site-packages (from -r /Users/2003singer/Workspace/Research/character-dynamics-lab/tools/native_platform_v0/evennia/requirements.lock (line 21)) (0.5.1)
Requirement already satisfied: isort==9.0.2 in ./_local_data/native_platform_v0/evennia/venv/lib/python3.12/site-packages (from -r /Users/2003singer/Workspace/Research/character-dynamics-lab/tools/native_platform_v0/evennia/requirements.lock (line 22)) (9.0.2)
Requirement already satisfied: lunr==0.7.0.post1 in ./_local_data/native_platform_v0/evennia/venv/lib/python3.12/site-packages (from -r /Users/2003singer/Workspace/Research/character-dynamics-lab/tools/native_platform_v0/evennia/requirements.lock (line 23)) (0.7.0.post1)
Requirement already satisfied: mock==5.2.0 in ./_local_data/native_platform_v0/evennia/venv/lib/python3.12/site-packages (from -r /Users/2003singer/Workspace/Research/character-dynamics-lab/tools/native_platform_v0/evennia/requirements.lock (line 24)) (5.2.0)
Requirement already satisfied: model-mommy==2.0.0 in ./_local_data/native_platform_v0/evennia/venv/lib/python3.12/site-packages (from -r /Users/2003singer/Workspace/Research/character-dynamics-lab/tools/native_platform_v0/evennia/requirements.lock (line 25)) (2.0.0)
Requirement already satisfied: more-itertools==11.1.0 in ./_local_data/native_platform_v0/evennia/venv/lib/python3.12/site-packages (from -r /Users/2003singer/Workspace/Research/character-dynamics-lab/tools/native_platform_v0/evennia/requirements.lock (line 26)) (11.1.0)
Requirement already satisfied: mypy_extensions==1.1.0 in ./_local_data/native_platform_v0/evennia/venv/lib/python3.12/site-packages (from -r /Users/2003singer/Workspace/Research/character-dynamics-lab/tools/native_platform_v0/evennia/requirements.lock (line 27)) (1.1.0)
Requirement already satisfied: packaging==26.3 in ./_local_data/native_platform_v0/evennia/venv/lib/python3.12/site-packages (from -r /Users/2003singer/Workspace/Research/character-dynamics-lab/tools/native_platform_v0/evennia/requirements.lock (line 28)) (26.3)
Requirement already satisfied: parameterized==0.9.0 in ./_local_data/native_platform_v0/evennia/venv/lib/python3.12/site-packages (from -r /Users/2003singer/Workspace/Research/character-dynamics-lab/tools/native_platform_v0/evennia/requirements.lock (line 29)) (0.9.0)
Requirement already satisfied: pathspec==1.1.1 in ./_local_data/native_platform_v0/evennia/venv/lib/python3.12/site-packages (from -r /Users/2003singer/Workspace/Research/character-dynamics-lab/tools/native_platform_v0/evennia/requirements.lock (line 30)) (1.1.1)
Requirement already satisfied: platformdirs==4.12.4 in ./_local_data/native_platform_v0/evennia/venv/lib/python3.12/site-packages (from -r /Users/2003singer/Workspace/Research/character-dynamics-lab/tools/native_platform_v0/evennia/requirements.lock (line 31)) (4.12.4)
Requirement already satisfied: pycparser==3.11 in ./_local_data/native_platform_v0/evennia/venv/lib/python3.12/site-packages (from -r /Users/2003singer/Workspace/Research/character-dynamics-lab/tools/native_platform_v0/evennia/requirements.lock (line 32)) (3.11)
Requirement already satisfied: pytokens==0.4.1 in ./_local_data/native_platform_v0/evennia/venv/lib/python3.12/site-packages (from -r /Users/2003singer/Workspace/Research/character-dynamics-lab/tools/native_platform_v0/evennia/requirements.lock (line 33)) (0.4.1)
Requirement already satisfied: pytz==2026.5 in ./_local_data/native_platform_v0/evennia/venv/lib/python3.12/site-packages (from -r /Users/2003singer/Workspace/Research/character-dynamics-lab/tools/native_platform_v0/evennia/requirements.lock (line 34)) (2026.5)
Requirement already satisfied: PyYAML==6.0.3 in ./_local_data/native_platform_v0/evennia/venv/lib/python3.12/site-packages (from -r /Users/2003singer/Workspace/Research/character-dynamics-lab/tools/native_platform_v0/evennia/requirements.lock (line 35)) (6.0.3)
Requirement already satisfied: simpleeval==1.0.3 in ./_local_data/native_platform_v0/evennia/venv/lib/python3.12/site-packages (from -r /Users/2003singer/Workspace/Research/character-dynamics-lab/tools/native_platform_v0/evennia/requirements.lock (line 36)) (1.0.3)
Requirement already satisfied: sqlparse==0.6.0 in ./_local_data/native_platform_v0/evennia/venv/lib/python3.12/site-packages (from -r /Users/2003singer/Workspace/Research/character-dynamics-lab/tools/native_platform_v0/evennia/requirements.lock (line 37)) (0.6.0)
Requirement already satisfied: Twisted==24.11.0 in ./_local_data/native_platform_v0/evennia/venv/lib/python3.12/site-packages (from -r /Users/2003singer/Workspace/Research/character-dynamics-lab/tools/native_platform_v0/evennia/requirements.lock (line 38)) (24.11.0)
Requirement already satisfied: txaio==26.6.1 in ./_local_data/native_platform_v0/evennia/venv/lib/python3.12/site-packages (from -r /Users/2003singer/Workspace/Research/character-dynamics-lab/tools/native_platform_v0/evennia/requirements.lock (line 39)) (26.6.1)
Requirement already satisfied: typeguard==4.6.0 in ./_local_data/native_platform_v0/evennia/venv/lib/python3.12/site-packages (from -r /Users/2003singer/Workspace/Research/character-dynamics-lab/tools/native_platform_v0/evennia/requirements.lock (line 40)) (4.6.0)
Requirement already satisfied: typing_extensions==4.16.0 in ./_local_data/native_platform_v0/evennia/venv/lib/python3.12/site-packages (from -r /Users/2003singer/Workspace/Research/character-dynamics-lab/tools/native_platform_v0/evennia/requirements.lock (line 41)) (4.16.0)
Requirement already satisfied: tzdata==2026.5 in ./_local_data/native_platform_v0/evennia/venv/lib/python3.12/site-packages (from -r /Users/2003singer/Workspace/Research/character-dynamics-lab/tools/native_platform_v0/evennia/requirements.lock (line 42)) (2026.5)
Requirement already satisfied: uritemplate==4.1.1 in ./_local_data/native_platform_v0/evennia/venv/lib/python3.12/site-packages (from -r /Users/2003singer/Workspace/Research/character-dynamics-lab/tools/native_platform_v0/evennia/requirements.lock (line 43)) (4.1.1)
Requirement already satisfied: zope.interface==8.6 in ./_local_data/native_platform_v0/evennia/venv/lib/python3.12/site-packages (from -r /Users/2003singer/Workspace/Research/character-dynamics-lab/tools/native_platform_v0/evennia/requirements.lock (line 44)) (8.6)
Operations to perform:
  Apply all migrations: accounts, admin, auth, comms, contenttypes, flatpages, help, objects, scripts, server, sessions, sites, typeclasses
Running migrations:
  No migrations to apply.
  Your models in app(s): 'accounts', 'comms', 'objects', 'scripts', 'typeclasses' have changes that are not yet reflected in a migration, and so won't be applied.
  Run 'manage.py makemigrations' to make new migrations, and then re-run 'manage.py migrate' to apply them.
Bootstrap complete. Game scaffold: /Users/2003singer/Workspace/Research/character-dynamics-lab/_local_data/native_platform_v0/evennia/nativep1
