2026-10-09 17:04:15 [..] Loaded.
2026-10-09 17:04:14 [..] Loading /Users/2003singer/Workspace/Research/character-dynamics-lab/_local_data/native_platform_v0/evennia/venv/lib/python3.12/site-packages/evennia/server/server.py...
2026-10-09 17:04:15 [..] Loaded.
2026-10-09 17:04:15 [..] twistd 24.11.0 (/Users/2003singer/Workspace/Research/character-dynamics-lab/_local_data/native_platform_v0/evennia/venv/bin/python 3.12.14) starting up.
2026-10-09 17:04:15 [..] reactor class: twisted.internet.selectreactor.SelectReactor.
2026-10-09 17:04:15 [..] Webserver starting on 14006
2026-10-09 17:04:15 [..] Initial setup: Creating objects (Account #1 and Limbo room) ...
2026-10-09 17:04:15 [SS] Character Created: p1admin (Caller: p1admin(account 1), IP: None).
2026-10-09 17:04:15 [..] Initial setup: Running at_initial_setup() hook.
2026-10-09 17:04:15 [..] Initial setup: Gathering static resources using 'collectstatic'
None2026-10-09 17:04:15 [..] 0 static files copied to '/Users/2003singer/Workspace/Research/character-dynamics-lab/_local_data/native_platform_v0/evennia/nativep1/server/.static', 207 unmodified.
2026-10-09 17:04:15 [..] Initial setup complete. Restarting Server once.
2026-10-09 17:04:15 [..] Evennia Server successfully started.
2026-10-09 17:04:16 [..] Server disconnected from the portal.
2026-10-09 17:04:16 [..] Main loop terminated.
2026-10-09 17:04:16 [..] Server Shut Down.
2026-10-09 17:04:17 [..] Loaded.
2026-10-09 17:04:16 [..] Loading /Users/2003singer/Workspace/Research/character-dynamics-lab/_local_data/native_platform_v0/evennia/venv/lib/python3.12/site-packages/evennia/server/server.py...
2026-10-09 17:04:17 [..] Loaded.
2026-10-09 17:04:17 [..] twistd 24.11.0 (/Users/2003singer/Workspace/Research/character-dynamics-lab/_local_data/native_platform_v0/evennia/venv/bin/python 3.12.14) starting up.
2026-10-09 17:04:17 [..] reactor class: twisted.internet.selectreactor.SelectReactor.
2026-10-09 17:04:17 [..] Webserver starting on 14006
2026-10-09 17:04:17 [..] Evennia Server successfully restarted in 'reset' mode.
2026-10-09 17:04:42 [WW] ip_from_request: No valid IP address found in request. Using remote_addr.
2026-10-09 17:04:55 [SS] Authentication Success: p1admin(account 1) (IP: 127.0.0.1).
2026-10-09 17:04:55 [..] Logged in: p1admin(account 1) 127.0.0.1 (1 session(s) total)
2026-10-09 17:10:47 [!!] Traceback (most recent call last):
2026-10-09 17:10:47 [!!]   File "/Users/2003singer/Workspace/Research/character-dynamics-lab/_local_data/native_platform_v0/evennia/venv/lib/python3.12/site-packages/evennia/contrib/tutorials/evadventure/ai.py", line 111, in run
2026-10-09 17:10:47 [!!]     getattr(self.obj, f"ai_{state}")()
2026-10-09 17:10:47 [!!]   File "/Users/2003singer/Workspace/Research/character-dynamics-lab/_local_data/native_platform_v0/evennia/venv/lib/python3.12/site-packages/evennia/contrib/tutorials/evadventure/npcs.py", line 331, in ai_roam
2026-10-09 17:10:47 [!!]     exi = random.choice(exits)
2026-10-09 17:10:47 [!!]           ^^^^^^
2026-10-09 17:10:47 [!!] NameError: name 'random' is not defined. Did you forget to import 'random'
2026-10-09 17:10:47 [!!] AI error in Training Dummy (running state: roam)
2026-10-09 17:10:52 [!!] Traceback (most recent call last):
2026-10-09 17:10:52 [!!]   File "/Users/2003singer/Workspace/Research/character-dynamics-lab/_local_data/native_platform_v0/evennia/venv/lib/python3.12/site-packages/evennia/contrib/tutorials/evadventure/ai.py", line 111, in run
2026-10-09 17:10:52 [!!]     getattr(self.obj, f"ai_{state}")()
2026-10-09 17:10:52 [!!]   File "/Users/2003singer/Workspace/Research/character-dynamics-lab/_local_data/native_platform_v0/evennia/venv/lib/python3.12/site-packages/evennia/contrib/tutorials/evadventure/npcs.py", line 331, in ai_roam
2026-10-09 17:10:52 [!!]     exi = random.choice(exits)
2026-10-09 17:10:52 [!!]           ^^^^^^
2026-10-09 17:10:52 [!!] NameError: name 'random' is not defined. Did you forget to import 'random'
2026-10-09 17:10:52 [!!] AI error in Training Dummy (running state: roam)
2026-10-09 17:10:57 [!!] Traceback (most recent call last):
2026-10-09 17:10:57 [!!]   File "/Users/2003singer/Workspace/Research/character-dynamics-lab/_local_data/native_platform_v0/evennia/venv/lib/python3.12/site-packages/evennia/contrib/tutorials/evadventure/ai.py", line 111, in run
2026-10-09 17:10:57 [!!]     getattr(self.obj, f"ai_{state}")()
2026-10-09 17:10:57 [!!]   File "/Users/2003singer/Workspace/Research/character-dynamics-lab/_local_data/native_platform_v0/evennia/venv/lib/python3.12/site-packages/evennia/contrib/tutorials/evadventure/npcs.py", line 331, in ai_roam
2026-10-09 17:10:57 [!!]     exi = random.choice(exits)
2026-10-09 17:10:57 [!!]           ^^^^^^
2026-10-09 17:10:57 [!!] NameError: name 'random' is not defined. Did you forget to import 'random'
2026-10-09 17:10:57 [!!] AI error in Training Dummy (running state: roam)
2026-10-09 17:11:02 [!!] Traceback (most recent call last):
2026-10-09 17:11:02 [!!]   File "/Users/2003singer/Workspace/Research/character-dynamics-lab/_local_data/native_platform_v0/evennia/venv/lib/python3.12/site-packages/evennia/contrib/tutorials/evadventure/ai.py", line 111, in run
2026-10-09 17:11:02 [!!]     getattr(self.obj, f"ai_{state}")()
2026-10-09 17:11:02 [!!]   File "/Users/2003singer/Workspace/Research/character-dynamics-lab/_local_data/native_platform_v0/evennia/venv/lib/python3.12/site-packages/evennia/contrib/tutorials/evadventure/npcs.py", line 331, in ai_roam
2026-10-09 17:11:02 [!!]     exi = random.choice(exits)
2026-10-09 17:11:02 [!!]           ^^^^^^
2026-10-09 17:11:02 [!!] NameError: name 'random' is not defined. Did you forget to import 'random'
2026-10-09 17:11:02 [!!] AI error in Training Dummy (running state: roam)
2026-10-09 17:11:07 [!!] Traceback (most recent call last):
2026-10-09 17:11:07 [!!]   File "/Users/2003singer/Workspace/Research/character-dynamics-lab/_local_data/native_platform_v0/evennia/venv/lib/python3.12/site-packages/evennia/contrib/tutorials/evadventure/ai.py", line 111, in run
2026-10-09 17:11:07 [!!]     getattr(self.obj, f"ai_{state}")()
2026-10-09 17:11:07 [!!]   File "/Users/2003singer/Workspace/Research/character-dynamics-lab/_local_data/native_platform_v0/evennia/venv/lib/python3.12/site-packages/evennia/contrib/tutorials/evadventure/npcs.py", line 331, in ai_roam
2026-10-09 17:11:07 [!!]     exi = random.choice(exits)
2026-10-09 17:11:07 [!!]           ^^^^^^
2026-10-09 17:11:07 [!!] NameError: name 'random' is not defined. Did you forget to import 'random'
2026-10-09 17:11:07 [!!] AI error in Training Dummy (running state: roam)
2026-10-09 17:11:12 [!!] Traceback (most recent call last):
2026-10-09 17:11:12 [!!]   File "/Users/2003singer/Workspace/Research/character-dynamics-lab/_local_data/native_platform_v0/evennia/venv/lib/python3.12/site-packages/evennia/contrib/tutorials/evadventure/ai.py", line 111, in run
2026-10-09 17:11:12 [!!]     getattr(self.obj, f"ai_{state}")()
2026-10-09 17:11:12 [!!]   File "/Users/2003singer/Workspace/Research/character-dynamics-lab/_local_data/native_platform_v0/evennia/venv/lib/python3.12/site-packages/evennia/contrib/tutorials/evadventure/npcs.py", line 331, in ai_roam
2026-10-09 17:11:12 [!!]     exi = random.choice(exits)
2026-10-09 17:11:12 [!!]           ^^^^^^
2026-10-09 17:11:12 [!!] NameError: name 'random' is not defined. Did you forget to import 'random'
2026-10-09 17:11:12 [!!] AI error in Training Dummy (running state: roam)
2026-10-09 17:11:17 [!!] Traceback (most recent call last):
2026-10-09 17:11:17 [!!]   File "/Users/2003singer/Workspace/Research/character-dynamics-lab/_local_data/native_platform_v0/evennia/venv/lib/python3.12/site-packages/evennia/contrib/tutorials/evadventure/ai.py", line 111, in run
2026-10-09 17:11:17 [!!]     getattr(self.obj, f"ai_{state}")()
2026-10-09 17:11:17 [!!]   File "/Users/2003singer/Workspace/Research/character-dynamics-lab/_local_data/native_platform_v0/evennia/venv/lib/python3.12/site-packages/evennia/contrib/tutorials/evadventure/npcs.py", line 331, in ai_roam
2026-10-09 17:11:17 [!!]     exi = random.choice(exits)
2026-10-09 17:11:17 [!!]           ^^^^^^
2026-10-09 17:11:17 [!!] NameError: name 'random' is not defined. Did you forget to import 'random'
2026-10-09 17:11:17 [!!] AI error in Training Dummy (running state: roam)
2026-10-09 17:11:22 [!!] Traceback (most recent call last):
2026-10-09 17:11:22 [!!]   File "/Users/2003singer/Workspace/Research/character-dynamics-lab/_local_data/native_platform_v0/evennia/venv/lib/python3.12/site-packages/evennia/contrib/tutorials/evadventure/ai.py", line 111, in run
2026-10-09 17:11:22 [!!]     getattr(self.obj, f"ai_{state}")()
2026-10-09 17:11:22 [!!]   File "/Users/2003singer/Workspace/Research/character-dynamics-lab/_local_data/native_platform_v0/evennia/venv/lib/python3.12/site-packages/evennia/contrib/tutorials/evadventure/npcs.py", line 331, in ai_roam
2026-10-09 17:11:22 [!!]     exi = random.choice(exits)
2026-10-09 17:11:22 [!!]           ^^^^^^
2026-10-09 17:11:22 [!!] NameError: name 'random' is not defined. Did you forget to import 'random'
2026-10-09 17:11:22 [!!] AI error in Training Dummy (running state: roam)
2026-10-09 17:11:27 [!!] Traceback (most recent call last):
2026-10-09 17:11:27 [!!]   File "/Users/2003singer/Workspace/Research/character-dynamics-lab/_local_data/native_platform_v0/evennia/venv/lib/python3.12/site-packages/evennia/contrib/tutorials/evadventure/ai.py", line 111, in run
2026-10-09 17:11:27 [!!]     getattr(self.obj, f"ai_{state}")()
2026-10-09 17:11:27 [!!]   File "/Users/2003singer/Workspace/Research/character-dynamics-lab/_local_data/native_platform_v0/evennia/venv/lib/python3.12/site-packages/evennia/contrib/tutorials/evadventure/npcs.py", line 331, in ai_roam
2026-10-09 17:11:27 [!!]     exi = random.choice(exits)
2026-10-09 17:11:27 [!!]           ^^^^^^
2026-10-09 17:11:27 [!!] NameError: name 'random' is not defined. Did you forget to import 'random'
2026-10-09 17:11:27 [!!] AI error in Training Dummy (running state: roam)
2026-10-09 17:11:32 [!!] Traceback (most recent call last):
2026-10-09 17:11:32 [!!]   File "/Users/2003singer/Workspace/Research/character-dynamics-lab/_local_data/native_platform_v0/evennia/venv/lib/python3.12/site-packages/evennia/contrib/tutorials/evadventure/ai.py", line 111, in run
2026-10-09 17:11:32 [!!]     getattr(self.obj, f"ai_{state}")()
2026-10-09 17:11:32 [!!]   File "/Users/2003singer/Workspace/Research/character-dynamics-lab/_local_data/native_platform_v0/evennia/venv/lib/python3.12/site-packages/evennia/contrib/tutorials/evadventure/npcs.py", line 331, in ai_roam
2026-10-09 17:11:32 [!!]     exi = random.choice(exits)
2026-10-09 17:11:32 [!!]           ^^^^^^
2026-10-09 17:11:32 [!!] NameError: name 'random' is not defined. Did you forget to import 'random'
2026-10-09 17:11:32 [!!] AI error in Training Dummy (running state: roam)
2026-10-09 17:11:37 [!!] Traceback (most recent call last):
2026-10-09 17:11:37 [!!]   File "/Users/2003singer/Workspace/Research/character-dynamics-lab/_local_data/native_platform_v0/evennia/venv/lib/python3.12/site-packages/evennia/contrib/tutorials/evadventure/ai.py", line 111, in run
2026-10-09 17:11:37 [!!]     getattr(self.obj, f"ai_{state}")()
2026-10-09 17:11:37 [!!]   File "/Users/2003singer/Workspace/Research/character-dynamics-lab/_local_data/native_platform_v0/evennia/venv/lib/python3.12/site-packages/evennia/contrib/tutorials/evadventure/npcs.py", line 331, in ai_roam
2026-10-09 17:11:37 [!!]     exi = random.choice(exits)
2026-10-09 17:11:37 [!!]           ^^^^^^
2026-10-09 17:11:37 [!!] NameError: name 'random' is not defined. Did you forget to import 'random'
2026-10-09 17:11:37 [!!] AI error in Training Dummy (running state: roam)
2026-10-09 17:11:42 [!!] Traceback (most recent call last):
2026-10-09 17:11:42 [!!]   File "/Users/2003singer/Workspace/Research/character-dynamics-lab/_local_data/native_platform_v0/evennia/venv/lib/python3.12/site-packages/evennia/contrib/tutorials/evadventure/ai.py", line 111, in run
2026-10-09 17:11:42 [!!]     getattr(self.obj, f"ai_{state}")()
2026-10-09 17:11:42 [!!]   File "/Users/2003singer/Workspace/Research/character-dynamics-lab/_local_data/native_platform_v0/evennia/venv/lib/python3.12/site-packages/evennia/contrib/tutorials/evadventure/npcs.py", line 331, in ai_roam
2026-10-09 17:11:42 [!!]     exi = random.choice(exits)
2026-10-09 17:11:42 [!!]           ^^^^^^
2026-10-09 17:11:42 [!!] NameError: name 'random' is not defined. Did you forget to import 'random'
2026-10-09 17:11:42 [!!] AI error in Training Dummy (running state: roam)
2026-10-09 17:11:47 [!!] Traceback (most recent call last):
2026-10-09 17:11:47 [!!]   File "/Users/2003singer/Workspace/Research/character-dynamics-lab/_local_data/native_platform_v0/evennia/venv/lib/python3.12/site-packages/evennia/contrib/tutorials/evadventure/ai.py", line 111, in run
2026-10-09 17:11:47 [!!]     getattr(self.obj, f"ai_{state}")()
2026-10-09 17:11:47 [!!]   File "/Users/2003singer/Workspace/Research/character-dynamics-lab/_local_data/native_platform_v0/evennia/venv/lib/python3.12/site-packages/evennia/contrib/tutorials/evadventure/npcs.py", line 331, in ai_roam
2026-10-09 17:11:47 [!!]     exi = random.choice(exits)
2026-10-09 17:11:47 [!!]           ^^^^^^
2026-10-09 17:11:47 [!!] NameError: name 'random' is not defined. Did you forget to import 'random'
2026-10-09 17:11:47 [!!] AI error in Training Dummy (running state: roam)
2026-10-09 17:11:52 [!!] Traceback (most recent call last):
2026-10-09 17:11:52 [!!]   File "/Users/2003singer/Workspace/Research/character-dynamics-lab/_local_data/native_platform_v0/evennia/venv/lib/python3.12/site-packages/evennia/contrib/tutorials/evadventure/ai.py", line 111, in run
2026-10-09 17:11:52 [!!]     getattr(self.obj, f"ai_{state}")()
2026-10-09 17:11:52 [!!]   File "/Users/2003singer/Workspace/Research/character-dynamics-lab/_local_data/native_platform_v0/evennia/venv/lib/python3.12/site-packages/evennia/contrib/tutorials/evadventure/npcs.py", line 331, in ai_roam
2026-10-09 17:11:52 [!!]     exi = random.choice(exits)
2026-10-09 17:11:52 [!!]           ^^^^^^
2026-10-09 17:11:52 [!!] NameError: name 'random' is not defined. Did you forget to import 'random'
2026-10-09 17:11:52 [!!] AI error in Training Dummy (running state: roam)
2026-10-09 17:11:57 [!!] Traceback (most recent call last):
2026-10-09 17:11:57 [!!]   File "/Users/2003singer/Workspace/Research/character-dynamics-lab/_local_data/native_platform_v0/evennia/venv/lib/python3.12/site-packages/evennia/contrib/tutorials/evadventure/ai.py", line 111, in run
2026-10-09 17:11:57 [!!]     getattr(self.obj, f"ai_{state}")()
2026-10-09 17:11:57 [!!]   File "/Users/2003singer/Workspace/Research/character-dynamics-lab/_local_data/native_platform_v0/evennia/venv/lib/python3.12/site-packages/evennia/contrib/tutorials/evadventure/npcs.py", line 331, in ai_roam
2026-10-09 17:11:57 [!!]     exi = random.choice(exits)
2026-10-09 17:11:57 [!!]           ^^^^^^
2026-10-09 17:11:57 [!!] NameError: name 'random' is not defined. Did you forget to import 'random'
2026-10-09 17:11:57 [!!] AI error in Training Dummy (running state: roam)
2026-10-09 17:12:02 [!!] Traceback (most recent call last):
2026-10-09 17:12:02 [!!]   File "/Users/2003singer/Workspace/Research/character-dynamics-lab/_local_data/native_platform_v0/evennia/venv/lib/python3.12/site-packages/evennia/contrib/tutorials/evadventure/ai.py", line 111, in run
2026-10-09 17:12:02 [!!]     getattr(self.obj, f"ai_{state}")()
2026-10-09 17:12:02 [!!]   File "/Users/2003singer/Workspace/Research/character-dynamics-lab/_local_data/native_platform_v0/evennia/venv/lib/python3.12/site-packages/evennia/contrib/tutorials/evadventure/npcs.py", line 331, in ai_roam
2026-10-09 17:12:02 [!!]     exi = random.choice(exits)
2026-10-09 17:12:02 [!!]           ^^^^^^
2026-10-09 17:12:02 [!!] NameError: name 'random' is not defined. Did you forget to import 'random'
2026-10-09 17:12:02 [!!] AI error in Training Dummy (running state: roam)
2026-10-09 17:12:07 [!!] Traceback (most recent call last):
2026-10-09 17:12:07 [!!]   File "/Users/2003singer/Workspace/Research/character-dynamics-lab/_local_data/native_platform_v0/evennia/venv/lib/python3.12/site-packages/evennia/contrib/tutorials/evadventure/ai.py", line 111, in run
2026-10-09 17:12:07 [!!]     getattr(self.obj, f"ai_{state}")()
2026-10-09 17:12:07 [!!]   File "/Users/2003singer/Workspace/Research/character-dynamics-lab/_local_data/native_platform_v0/evennia/venv/lib/python3.12/site-packages/evennia/contrib/tutorials/evadventure/npcs.py", line 331, in ai_roam
2026-10-09 17:12:07 [!!]     exi = random.choice(exits)
2026-10-09 17:12:07 [!!]           ^^^^^^
2026-10-09 17:12:07 [!!] NameError: name 'random' is not defined. Did you forget to import 'random'
2026-10-09 17:12:07 [!!] AI error in Training Dummy (running state: roam)
2026-10-09 17:12:12 [!!] Traceback (most recent call last):
2026-10-09 17:12:12 [!!]   File "/Users/2003singer/Workspace/Research/character-dynamics-lab/_local_data/native_platform_v0/evennia/venv/lib/python3.12/site-packages/evennia/contrib/tutorials/evadventure/ai.py", line 111, in run
2026-10-09 17:12:12 [!!]     getattr(self.obj, f"ai_{state}")()
2026-10-09 17:12:12 [!!]   File "/Users/2003singer/Workspace/Research/character-dynamics-lab/_local_data/native_platform_v0/evennia/venv/lib/python3.12/site-packages/evennia/contrib/tutorials/evadventure/npcs.py", line 331, in ai_roam
2026-10-09 17:12:12 [!!]     exi = random.choice(exits)
2026-10-09 17:12:12 [!!]           ^^^^^^
2026-10-09 17:12:12 [!!] NameError: name 'random' is not defined. Did you forget to import 'random'
2026-10-09 17:12:12 [!!] AI error in Training Dummy (running state: roam)
2026-10-09 17:12:17 [!!] Traceback (most recent call last):
2026-10-09 17:12:17 [!!]   File "/Users/2003singer/Workspace/Research/character-dynamics-lab/_local_data/native_platform_v0/evennia/venv/lib/python3.12/site-packages/evennia/contrib/tutorials/evadventure/ai.py", line 111, in run
2026-10-09 17:12:17 [!!]     getattr(self.obj, f"ai_{state}")()
2026-10-09 17:12:17 [!!]   File "/Users/2003singer/Workspace/Research/character-dynamics-lab/_local_data/native_platform_v0/evennia/venv/lib/python3.12/site-packages/evennia/contrib/tutorials/evadventure/npcs.py", line 331, in ai_roam
2026-10-09 17:12:17 [!!]     exi = random.choice(exits)
2026-10-09 17:12:17 [!!]           ^^^^^^
2026-10-09 17:12:17 [!!] NameError: name 'random' is not defined. Did you forget to import 'random'
2026-10-09 17:12:17 [!!] AI error in Training Dummy (running state: roam)
2026-10-09 17:12:22 [..] Server disconnected from the portal.
2026-10-09 17:12:22 [..] Main loop terminated.
2026-10-09 17:12:22 [..] Server Shut Down.
2026-10-09 17:13:20 [..] Loaded.
2026-10-09 17:13:19 [..] Loading /Users/2003singer/Workspace/Research/character-dynamics-lab/_local_data/native_platform_v0/evennia/venv/lib/python3.12/site-packages/evennia/server/server.py...
2026-10-09 17:13:20 [..] Loaded.
2026-10-09 17:13:20 [..] twistd 24.11.0 (/Users/2003singer/Workspace/Research/character-dynamics-lab/_local_data/native_platform_v0/evennia/venv/bin/python 3.12.14) starting up.
2026-10-09 17:13:20 [..] reactor class: twisted.internet.selectreactor.SelectReactor.
2026-10-09 17:13:20 [..] Webserver starting on 14006
2026-10-09 17:13:20 [..] Evennia Server successfully started.
2026-10-09 17:13:53 [SS] Puppet Success: (Caller: p1admin(account 1), Target: p1admin, IP: 127.0.0.1).
