test_advance_return_matches_legacy_snapshot_for_idle_actor_and_mid_r (test_executor.ExecutorBoundaryTests.test_advance_return_matches_legacy_snapshot_for_idle_actor_and_mid_r) ... ok
test_checkpoint_copier_falls_back_for_non_json_values_and_subclasses (test_executor.ExecutorBoundaryTests.test_checkpoint_copier_falls_back_for_non_json_values_and_subclasses) ... ok
test_checkpoint_copier_matches_deepcopy_for_all_fixtures_and_real_histories (test_executor.ExecutorBoundaryTests.test_checkpoint_copier_matches_deepcopy_for_all_fixtures_and_real_histories) ... ok
test_checkpoint_copier_preserves_container_aliases_and_cycles (test_executor.ExecutorBoundaryTests.test_checkpoint_copier_preserves_container_aliases_and_cycles) ... ok
test_malformed_idle_is_rejected_without_world_change (test_executor.ExecutorBoundaryTests.test_malformed_idle_is_rejected_without_world_change) ... ok
test_settlement_revalidates_resources_and_releases_reservation (test_executor.ExecutorBoundaryTests.test_settlement_revalidates_resources_and_releases_reservation) ... ok
test_terminal_receipt_deltas_are_frozen_across_later_actions_and_restore (test_executor.ExecutorBoundaryTests.test_terminal_receipt_deltas_are_frozen_across_later_actions_and_restore) ... ok
test_u01_canonical_checkpoint_and_monitor_bridge_agree (test_executor.ExecutorBoundaryTests.test_u01_canonical_checkpoint_and_monitor_bridge_agree) ... ok
test_valid_idle_forecast_matches_explicit_empty_observation_delta (test_executor.ExecutorBoundaryTests.test_valid_idle_forecast_matches_explicit_empty_observation_delta) ... ok
test_counterfeit_event_without_receipt_is_rejected (test_monitor_bridge.MonitorBridgeTests.test_counterfeit_event_without_receipt_is_rejected) ... ok
test_e0_window_uses_t2_as_scenario_start (test_monitor_bridge.MonitorBridgeTests.test_e0_window_uses_t2_as_scenario_start) ... ok
test_event_goal_is_pending_then_satisfied_from_receipt_backed_event (test_monitor_bridge.MonitorBridgeTests.test_event_goal_is_pending_then_satisfied_from_receipt_backed_event) ... ok
test_event_payload_cannot_be_changed_while_reusing_receipt_event_id (test_monitor_bridge.MonitorBridgeTests.test_event_payload_cannot_be_changed_while_reusing_receipt_event_id) ... ok
test_holding_state_and_event_goal_are_separate (test_monitor_bridge.MonitorBridgeTests.test_holding_state_and_event_goal_are_separate) ... ok
test_key1_tombstone_prefix_uses_receipt_grounded_item (test_monitor_bridge.MonitorBridgeTests.test_key1_tombstone_prefix_uses_receipt_grounded_item) ... ok
test_missing_past_seal_is_indeterminate (test_monitor_bridge.MonitorBridgeTests.test_missing_past_seal_is_indeterminate) ... ok
test_reordered_event_ledger_is_not_sorted_into_validity (test_monitor_bridge.MonitorBridgeTests.test_reordered_event_ledger_is_not_sorted_into_validity) ... ok
test_reordered_seal_ledger_including_pre_horizon_rows_is_rejected (test_monitor_bridge.MonitorBridgeTests.test_reordered_seal_ledger_including_pre_horizon_rows_is_rejected) ... ok
test_cap_one_counts_start_and_preserves_frontier (test_oracle.OracleAcceptanceTests.test_cap_one_counts_start_and_preserves_frontier) ... ok
test_deadline_seven_includes_t7_event (test_oracle.OracleAcceptanceTests.test_deadline_seven_includes_t7_event) ... ok
test_deadline_six_has_no_goal (test_oracle.OracleAcceptanceTests.test_deadline_six_has_no_goal) ... ok
test_decline_pin_has_no_goal (test_oracle.OracleAcceptanceTests.test_decline_pin_has_no_goal) ... ok
test_future_minutes_do_not_fill_a_missing_seal_prefix (test_oracle.OracleAcceptanceTests.test_future_minutes_do_not_fill_a_missing_seal_prefix) ... ok
test_goal_shaped_event_without_take_receipt_is_not_a_witness (test_oracle.OracleAcceptanceTests.test_goal_shaped_event_without_take_receipt_is_not_a_witness) ... ok
test_information_knowledge_and_copresence_are_preconditions (test_oracle.OracleAcceptanceTests.test_information_knowledge_and_copresence_are_preconditions) ... ok
test_initial_holding_is_not_goal_event (test_oracle.OracleAcceptanceTests.test_initial_holding_is_not_goal_event) ... ok
test_joint_reply_has_accept_path (test_oracle.OracleAcceptanceTests.test_joint_reply_has_accept_path) ... ok
test_key1_tombstone_has_no_goal (test_oracle.OracleAcceptanceTests.test_key1_tombstone_has_no_goal) ... ok
test_normal_accept_goal_is_at_t7 (test_oracle.OracleAcceptanceTests.test_normal_accept_goal_is_at_t7) ... ok
test_oracle_resumes_mid_unlock_and_executor_replays_path (test_oracle.OracleAcceptanceTests.test_oracle_resumes_mid_unlock_and_executor_replays_path) ... ok
test_t5_checkpoint_includes_right_endpoint_t10 (test_oracle.OracleAcceptanceTests.test_t5_checkpoint_includes_right_endpoint_t10) ... ok
test_three_minute_unlock_keeps_forced_boundaries (test_oracle.OracleAcceptanceTests.test_three_minute_unlock_keeps_forced_boundaries) ... ok
test_transcribed_settlement_events_have_frozen_signatures (test_oracle.OracleAcceptanceTests.test_transcribed_settlement_events_have_frozen_signatures) ... ok
test_witness_requires_exact_receipt_payload_and_contiguous_seal (test_oracle.OracleAcceptanceTests.test_witness_requires_exact_receipt_payload_and_contiguous_seal) ... ok
test_c01_test_pass_is_separate_from_budget_search_status (test_runner.RunnerContractTests.test_c01_test_pass_is_separate_from_budget_search_status) ... ok
test_h02_keeps_state_and_event_outcomes_distinct (test_runner.RunnerContractTests.test_h02_keeps_state_and_event_outcomes_distinct) ... ok
test_p02_checks_every_boundary_and_reservation (test_runner.RunnerContractTests.test_p02_checks_every_boundary_and_reservation) ... ok
test_x01_has_valid_match_and_detects_both_prediction_mutations (test_runner.RunnerContractTests.test_x01_has_valid_match_and_detects_both_prediction_mutations) ... ok

----------------------------------------------------------------------
Ran 38 tests in 5.133s

OK
